Mono path[0] = 'D:/source/AshProtocol/Builds/AnyMMO/AnyMMO_Data/Managed'
Mono config path = 'D:/source/AshProtocol/Builds/AnyMMO/MonoBleedingEdge/etc'
Input System module state changed to: Initialized.
[Physics::Module] Initialized fallback backend.
[Physics::Module] Id: 0xdecafbad
Initialize engine version: 6000.3.10f1 (e35f0c77bd8e)
[Subsystems] Discovering subsystems at path D:/source/AshProtocol/Builds/AnyMMO/AnyMMO_Data/UnitySubsystems
Forcing GfxDevice: Null
GfxDevice: creating device client; kGfxThreadingModeNonThreaded
NullGfxDevice:
    Version:  NULL 1.0 [1.0]
    Renderer: Null Device
    Vendor:   Unity Technologies
Begin MonoManager ReloadAssembly
- Loaded All Assemblies, in  0.147 seconds
- Finished resetting the current domain, in  0.003 seconds
[Physics::Module] Selected backend.
[Physics::Module] Name: PhysX
[Physics::Module] Id: 0xf2b8ea05
[Physics::Module] SDK Version: 4.1.2
[Physics::Module] Integration Version: 1.0.0
[Physics::Module] Threading Mode: Multi-Threaded
Microsoft Media Foundation video decoding to texture disabled: graphics device is Null, only Direct3D 11 and Direct3D 12 (only on desktop) are supported for hardware-accelerated video decoding.
UnloadTime: 0.889600 ms
Unloading 6 Unused Serialized files (Serialized files now loaded: 0)
UnloadTime: 2.064400 ms
Unloading 2081 unused Assets to reduce memory usage. Loaded Objects now: 139036.
Total: 82.989300 ms (FindLiveObjects: 9.799500 ms CreateObjectMapping: 11.420400 ms MarkObjects: 60.042100 ms  DeleteObjects: 1.726700 ms)

