Mono path[0] = 'D:/source/AshProtocol/Builds/AnyMMO/AnyMMO_Data/Managed'
Mono config path = 'D:/source/AshProtocol/Builds/AnyMMO/MonoBleedingEdge/etc'
Input System module state changed to: Initialized.
[Physics::Module] Initialized fallback backend.
[Physics::Module] Id: 0xdecafbad
Initialize engine version: 6000.3.10f1 (e35f0c77bd8e)
[Subsystems] Discovering subsystems at path D:/source/AshProtocol/Builds/AnyMMO/AnyMMO_Data/UnitySubsystems
[D3D12 Device Filter] Vendor Name: ATI
[D3D12 Device Filter] Device Name: AMD Radeon(TM) Graphics
[D3D12 Device Filter] Driver Version: 30.0.13026.3
[D3D12 Device Filter] Feature Level: 12.1
[D3D12 Device Filter] Graphics Memory: 7876 MB
[D3D12 Device Filter] Processor Count: 16
[D3D12 Device Filter] Device Type: Integrated
[D3D12 Device Filter] D3D12 API denied by user filter: {"Vendor": "ATI", "Device Type:": Integrated}
GfxDevice: creating device client; kGfxThreadingModeThreaded
Direct3D:
    Version:  Direct3D 11.0 [level 11.1]
    Renderer: AMD Radeon(TM) Graphics (ID=0x164c)
    Vendor:   ATI
    VRAM:     7876 MB
    Driver:   30.0.13026.3
Begin MonoManager ReloadAssembly
- Loaded All Assemblies, in  0.151 seconds
- Finished resetting the current domain, in  0.003 seconds
[Physics::Module] Selected backend.
[Physics::Module] Name: PhysX
[Physics::Module] Id: 0xf2b8ea05
[Physics::Module] SDK Version: 4.1.2
[Physics::Module] Integration Version: 1.0.0
[Physics::Module] Threading Mode: Multi-Threaded
D3D11 device created for Microsoft Media Foundation video decoding.
<RI> Initializing input.
Using Windows.Gaming.Input
UnloadTime: 1.541300 ms
Unloading 6 Unused Serialized files (Serialized files now loaded: 0)
UnloadTime: 2.184200 ms
Unloading 2081 unused Assets to reduce memory usage. Loaded Objects now: 139171.
Total: 83.528800 ms (FindLiveObjects: 11.252200 ms CreateObjectMapping: 12.037900 ms MarkObjects: 58.633200 ms  DeleteObjects: 1.605200 ms)

[Physics::Module] Cleanup current backend.
[Physics::Module] Id: 0xf2b8ea05
Input System module state changed to: ShutdownInProgress.
Input System polling thread exited.
Input System module state changed to: Shutdown.
