CreateDirectory 'C:/Users/Geir Gundersen/AppData/Local/Unity/Caches' failed: Systemet finner ikke angitt bane.
 (current dir: )
CreateDirectory 'C:/Users/Geir Gundersen/AppData/Local/Unity/Caches' failed: Systemet finner ikke angitt bane.
 (current dir: )
[Licensing::Module] Trying to connect to existing licensing client channel...
Built from '6000.3/staging' branch; Version is '6000.3.10f1 (e35f0c77bd8e) revision 14901004'; Using compiler version '194234433'; Build Type 'Release'
[Licensing::IpcConnector] Channel LicenseClient-Geir Gundersen doesn't exist
OS: 'Windows 11  (10.0.26200) Core' Language: 'no' Physical Memory: 15752 MB
BatchMode: 1, IsHumanControllingUs: 0, StartBugReporterOnCrash: 0, Is64bit: 1
System  architecture: x64
Process architecture: x64
Date: 2026-09-29T12:57:10Z
[Licensing::Module] Successfully launched the LicensingClient (PId: 7744)

COMMAND LINE ARGUMENTS:
C:\Unity\6000.3.10f1\Editor\Unity.exe
-batchmode
-nographics
-quit
-logFile
D:\source\AshProtocol\_setup\unity-probe.log
D:/source/AshProtocol
[UnityMemory] Configuration Parameters - Can be set up in boot.config
    "memorysetup-temp-allocator-size-nav-mesh-worker=65536"
    "memorysetup-temp-allocator-size-audio-worker=65536"
    "memorysetup-temp-allocator-size-gfx=262144"
    "memorysetup-allocator-temp-initial-block-size-main=262144"
    "memorysetup-allocator-temp-initial-block-size-worker=262144"
    "memorysetup-temp-allocator-size-background-worker=32768"
    "memorysetup-temp-allocator-size-job-worker=262144"
    "memorysetup-temp-allocator-size-preload-manager=33554432"
    "memorysetup-temp-allocator-size-gi-baking-worker=262144"
    "memorysetup-temp-allocator-size-gi-baking-worker=262144"
    "memorysetup-temp-allocator-size-gi-baking-worker=262144"
    "memorysetup-temp-allocator-size-gi-baking-worker=262144"
    "memorysetup-temp-allocator-size-gi-baking-worker=262144"
    "memorysetup-bucket-allocator-granularity=16"
    "memorysetup-bucket-allocator-bucket-count=8"
    "memorysetup-bucket-allocator-block-size=33554432"
    "memorysetup-bucket-allocator-block-count=8"
    "memorysetup-main-allocator-block-size=16777216"
    "memorysetup-thread-allocator-block-size=16777216"
    "memorysetup-gfx-main-allocator-block-size=16777216"
    "memorysetup-gfx-thread-allocator-block-size=16777216"
    "memorysetup-cache-allocator-block-size=4194304"
    "memorysetup-typetree-allocator-block-size=2097152"
    "memorysetup-profiler-bucket-allocator-granularity=16"
    "memorysetup-profiler-bucket-allocator-bucket-count=8"
    "memorysetup-profiler-bucket-allocator-block-size=33554432"
    "memorysetup-profiler-bucket-allocator-block-count=8"
    "memorysetup-profiler-allocator-block-size=16777216"
    "memorysetup-profiler-editor-allocator-block-size=1048576"
    "memorysetup-temp-allocator-size-main=16777216"
    "memorysetup-job-temp-allocator-block-size=2097152"
    "memorysetup-job-temp-allocator-block-size-background=1048576"
    "memorysetup-job-temp-allocator-reduction-small-platforms=262144"
    "memorysetup-temp-allocator-size-cloud-worker=32768"
Player connection [8880]  Target information:

Player connection [8880]  * "[IP] 10.123.32.30 [Port] 55504 [Flags] 2 [Guid] 1271213834 [EditorId] 1271213834 [Version] 1048832 [Id] WindowsEditor(7,smoother) [Debug] 1 [PackageName] WindowsEditor [ProjectName] Editor" 

Player connection [8880] Host joined multi-casting on [225.0.0.222:54997]...
Player connection [8880] Host joined alternative multi-casting on [225.0.0.222:34997]...
[Licensing::IpcConnector] Successfully connected to: "LicenseClient-Geir Gundersen" at "2026-09-29T12:57:12.6976683Z"
Input System module state changed to: Initialized.
[Physics::Module] Initialized fallback backend.
[Physics::Module] Id: 0xdecafbad
[Package Manager] Connected to IPC stream "Upm-26868" after 1.5 seconds.
[Licensing::Module] Licensing is not yet initialized.
[Licensing::Client] Handshaking with LicensingClient:
  Version:                 1.17.4+4293ba1
  Session Id:              58a76756edc94bb7947c2d67b0bd58dc
  Correlation Id:          afd7f8d5ea91f25337dcb4e570cf167a
  External correlation Id: 7449972080983871069
  Machine Id:              EC69ytPYsLr2AB+dgeNk6DDjo9k=
[Licensing::Module] Successfully connected to LicensingClient on channel: "LicenseClient-Geir Gundersen" (connect: 1.93s, validation: 0.86s, handshake: 4.18s)
[Licensing::IpcConnector] Successfully connected to: "LicenseClient-Geir Gundersen-notifications" at "2026-09-29T12:57:17.7411573Z"
[Licensing::Module] Connected to LicensingClient (PId: 7744, launch time: 0.03, total connection time: 6.98s)
[Licensing::Module] Error: Access token is unavailable; failed to update
[Licensing::Client] Error: Code 404 while processing request (status: Found 0 entitlement groups and 0 free entitlements matching requested entitlement ids)
[Licensing::Client] Successfully updated license, isAsync: False, time: 0.07
[Licensing::Client] Error: Code 404 while processing request (status: Found 0 entitlement groups and 0 free entitlements matching requested entitlement ids)
[Licensing::Module] Error: 'com.unity.editor.headless' was not found.
[Licensing::Module] Licensing Background thread has ended after 7.12s
[Licensing::Module] Licensing is initialized (took 3.43s).
[Licensing::Client] Error: Code 404 while processing request (status: Found 0 entitlement groups and 0 free entitlements matching requested entitlement ids)
[Licensing::Module] Error: 'com.unity.editor.headless' was not found.
[Licensing::Client] Error: Code 404 while processing request (status: Found 0 entitlement groups and 0 free entitlements matching requested entitlement ids)
No valid Unity Editor license found. Please activate your license.
Exiting without the bug reporter. Application will terminate with return code 198